// Jest Snapshot v1, https://goo.gl/fbAQLP

exports[`LocaleButton renders correctly 1`] = `
<button
  onClick={[Function]}
  style={
    Object {
      "background": "none",
      "border": 0,
      "borderBottom": "1px solid #d3d3d3",
      "borderRight": "1px solid #d3d3d3",
      "height": "50px",
      "lineHeight": "30px",
      "padding": "5px",
      "textAlign": "center",
      "textTransform": "uppercase",
      "transitionDuration": "100ms",
      "transitionProperty": "background",
      "transitionTimingFunction": "linear",
      "width": "100px",
    }
  }
  type="button"
>
  en
</button>
`;
